// Jest Snapshot v1, https://goo.gl/fbAQLP

exports[`HealthController (e2e) GET /api/health should return successfully 1`] = `"{\\"status\\":\\"ok\\",\\"info\\":{},\\"error\\":{},\\"details\\":{}}"`;
